// Jest Snapshot v1, https://goo.gl/fbAQLP

exports[`Write should render correctly 1`] = `
<div>
  <div
    class="min-h-screen flex flex-col gap-8 md:gap-5  items-center justify-center"
  >
    <h1
      class="text-3xl md:text-4xl font-bold text-center"
    >
      Write your blog post
    </h1>
    <div
      class="w-full min-h-screen gap-8 md:gap-5  grid md:grid-cols-2 mb-16 grid-cols-1 "
    >
      <div
        class=" flex-1 h-full flex flex-col gap-2 p-4"
      >
        <form
          class=" h-full flex flex-col gap-2 "
        >
          <input
            class="w-full h-10 px-2 border border-gray-300 rounded-md focus:outline-none focus:ring-2 focus:ring-blue-400 focus:border-transparent"
            placeholder="Title"
            type="text"
            value=""
          />
          <div
            class="flex flex-col gap-2"
          >
            <label
              class="flex items-center gap-2"
              for="file"
            >
              <svg
                class="h-6 w-6 text-refubookBlue"
                fill="none"
                stroke="currentColor"
                viewBox="0 0 24 24"
                xmlns="http://www.w3.org/2000/svg"
              >
                <path
                  d="M12 6v6m0 0v6m0-6h6m-6 0H6m6-6a2 2 0 012 2v6a2 2 0 01-2 2H6a2 2 0 01-2-2V8a2 2 0 012-2h6z"
                  stroke-linecap="round"
                  stroke-linejoin="round"
                  stroke-width="2"
                />
              </svg>
              <span
                class="text-refubookBlue"
              >
                Upload Your Header Image
              </span>
              <input
                class="hidden"
                id="file"
                type="file"
              />
            </label>
          </div>
          <reactquill
            class=" h-full focus:outline-none focus:ring-2 focus:ring-refubookBlue focus:border-transparent"
            modules="[object Object]"
            placeholder="Write something..."
            theme="snow"
            value=""
          />
          <button
            class="z-10 flex items-center justify-center rounded-md py-4 px-8 mx-auto h-10 mt-2 bg-refubookBlue text-refubookWhite focus:outline-none focus:ring-2 focus:ring-refubookBlue focus:border-transparent"
            type="submit"
          >
            Submit
          </button>
        </form>
      </div>
      <div
        class="flex flex-col flex-1 p-4 gap-3 h-full"
      >
        <div
          class="flex flex-col items-center gap-2"
        >
          <h1
            class="text-2xl text-refubookWhite font-medium w-full bg-refubookBlue text-center p-2 border-refubookGray rounded"
          >
            Preview
          </h1>
        </div>
        <div
          class="border-2 border-refubookGray p-2 h-full "
        >
          <h1
            class="text-2xl text-center font-medium"
          />
          <div
            class="ql-editor "
          />
        </div>
      </div>
    </div>
  </div>
</div>
`;
